

Tue Apr 28 02:11:21 2015
Command line: TestDisk

TestDisk 6.14, Data Recovery Utility, July 2013
Christophe GRENIER <grenier@cgsecurity.org>
http://www.cgsecurity.org
OS: Linux, kernel 3.16.0-34-generic (#47~14.04.1-Ubuntu SMP Fri Apr 10 17:49:51 UTC 2015) i686
Compiler: GCC 4.8
Compilation date: 2013-10-29T01:29:29
ext2fs lib: 1.42.9, ntfs lib: libntfs-3g, reiserfs lib: none, ewf lib: none
/dev/sda: LBA, HPA, LBA48, DCO support
/dev/sda: size       625142448 sectors
/dev/sda: user_max   625142448 sectors
/dev/sda: native_max 625142448 sectors
/dev/sda: dco        625142448 sectors
Warning: can't get size for Disk /dev/mapper/control - 0 B - 1 sectors, sector size=512
Hard disk list
Disk /dev/sda - 320 GB / 298 GiB - CHS 38913 255 63, sector size=512 - Hitachi HTS543232L9A300, S/N:090819FB6432CEHGHA9A, FW:FB4OC4DC

Partition table type (auto): Intel
Disk /dev/sda - 320 GB / 298 GiB - Hitachi HTS543232L9A300
Partition table type: Intel

Interface Advanced
Geometry from i386 MBR: head=255 sector=63
NTFS at 0/32/33
NTFS at 5226/162/57
NTFS at 24676/116/17
get_geometry_from_list_part_aux head=255 nbr=1
get_geometry_from_list_part_aux head=255 nbr=1
 1 * HPFS - NTFS              0  32 33  5226 130 24   83961856
     NTFS, blocksize=4096, 42 GB / 40 GiB
 2 E extended              5226 162 55 38913  37 36  541173762
 5 L HPFS - NTFS           5226 162 57 19449 208 23  228495360
     NTFS, blocksize=4096, 116 GB / 108 GiB
   X extended             19449 208 24 24178   0 14   75958272
 7 L Linux                19449 240 56 24178   0 14   75956224
     ext4 blocksize=4096 Large file Sparse superblock Recover, 38 GB / 36 GiB
   X extended             24178   0 15 24675 241 14    7999488
 8 L Linux Swap           24178  32 47 24675 241 14    7997440
     SWAP2 version 1, pagesize=4096, 4094 MB / 3905 MiB
   X extended             24676   0  1 38913  37 36  228719772
 6 L HPFS - NTFS          24676 116 17 38913  37 36  228712448 [Mac]
     NTFS, blocksize=4096, 117 GB / 109 GiB

Interface Advanced
Geometry from i386 MBR: head=255 sector=63
NTFS at 0/32/33
NTFS at 5226/162/57
NTFS at 24676/116/17
get_geometry_from_list_part_aux head=255 nbr=1
get_geometry_from_list_part_aux head=255 nbr=1
 1 * HPFS - NTFS              0  32 33  5226 130 24   83961856
     NTFS, blocksize=4096, 42 GB / 40 GiB
 2 E extended              5226 162 55 38913  37 36  541173762
 5 L HPFS - NTFS           5226 162 57 19449 208 23  228495360
     NTFS, blocksize=4096, 116 GB / 108 GiB
   X extended             19449 208 24 24178   0 14   75958272
 7 L Linux                19449 240 56 24178   0 14   75956224
     ext4 blocksize=4096 Large file Sparse superblock Recover, 38 GB / 36 GiB
   X extended             24178   0 15 24675 241 14    7999488
 8 L Linux Swap           24178  32 47 24675 241 14    7997440
     SWAP2 version 1, pagesize=4096, 4094 MB / 3905 MiB
   X extended             24676   0  1 38913  37 36  228719772
 6 L HPFS - NTFS          24676 116 17 38913  37 36  228712448 [Mac]
     NTFS, blocksize=4096, 117 GB / 109 GiB


dir_partition inode=2
 7 L Linux                19449 240 56 24178   0 14   75956224
     ext4 blocksize=4096 Large file Sparse superblock Recover, 38 GB / 36 GiB
Directory /
       2 drwxr-xr-x     0      0      4096 25-Apr-2015 14:05 .
       2 drwxr-xr-x     0      0      4096 25-Apr-2015 14:05 ..
      11 drwx------     0      0     16384 24-Apr-2015 04:32 lost+found
 1966081 drwxr-xr-x     0      0     12288 27-Apr-2015 19:55 etc
  393217 drwxr-xr-x     0      0      4096 25-Apr-2015 14:38 media
 2228225 drwxr-xr-x     0      0      4096 25-Apr-2015 14:05 bin
  131073 drwxr-xr-x     0      0      4096 25-Apr-2015 14:07 boot
  786433 drwxr-xr-x     0      0      4096 19-Feb-2015 03:59 dev
  262145 drwxr-xr-x     0      0      4096 24-Apr-2015 04:36 home
  524289 drwxr-xr-x     0      0      4096 25-Apr-2015 14:00 lib
 1048577 drwxr-xr-x     0      0      4096 11-Apr-2014 06:11 mnt
 1441793 drwxr-xr-x     0      0      4096 23-Apr-2015 21:38 opt
  655361 drwxr-xr-x     0      0      4096 11-Apr-2014 06:11 proc
  917505 drwx------     0      0      4096 25-Apr-2015 09:53 root
 1310721 drwxr-xr-x     0      0      4096 19-Feb-2015 04:01 run
 1572865 drwxr-xr-x     0      0     12288 25-Apr-2015 14:02 sbin
 1703937 drwxr-xr-x     0      0      4096 19-Feb-2015 03:39 srv
 1835009 drwxr-xr-x     0      0      4096 13-Mar-2014 09:42 sys
 2097153 drwxrwxrwt     0      0      4096 28-Apr-2015 02:10 tmp
  393218 drwxr-xr-x     0      0      4096 25-Apr-2015 17:03 usr
 1572866 drwxr-xr-x     0      0      4096 19-Feb-2015 04:03 var
      14 lrwxrwxrwx     0      0        33 25-Apr-2015 14:05 initrd.img
      15 lrwxrwxrwx     0      0        30 25-Apr-2015 14:05 vmlinuz
 2097154 drwxrwxr-x     0      0      4096 24-Apr-2015 04:36 cdrom
X     13 lrwxrwxrwx     0      0        30 24-Apr-2015 04:37 vmlinuz.22571
      12 lrwxrwxrwx     0      0        33 24-Apr-2015 04:37 initrd.img.old
      13 lrwxrwxrwx     0      0        30 24-Apr-2015 04:37 vmlinuz.old

dir_partition inode=11
 7 L Linux                19449 240 56 24178   0 14   75956224
     ext4 blocksize=4096 Large file Sparse superblock Recover, 38 GB / 36 GiB
Directory /lost+found
      11 drwx------     0      0     16384 24-Apr-2015 04:32 .
       2 drwxr-xr-x     0      0      4096 25-Apr-2015 14:05 ..
Directory /
       2 drwxr-xr-x     0      0      4096 25-Apr-2015 14:05 .
       2 drwxr-xr-x     0      0      4096 25-Apr-2015 14:05 ..
      11 drwx------     0      0     16384 24-Apr-2015 04:32 lost+found
 1966081 drwxr-xr-x     0      0     12288 27-Apr-2015 19:55 etc
  393217 drwxr-xr-x     0      0      4096 25-Apr-2015 14:38 media
 2228225 drwxr-xr-x     0      0      4096 25-Apr-2015 14:05 bin
  131073 drwxr-xr-x     0      0      4096 25-Apr-2015 14:07 boot
  786433 drwxr-xr-x     0      0      4096 19-Feb-2015 03:59 dev
  262145 drwxr-xr-x     0      0      4096 24-Apr-2015 04:36 home
  524289 drwxr-xr-x     0      0      4096 25-Apr-2015 14:00 lib
 1048577 drwxr-xr-x     0      0      4096 11-Apr-2014 06:11 mnt
 1441793 drwxr-xr-x     0      0      4096 23-Apr-2015 21:38 opt
  655361 drwxr-xr-x     0      0      4096 11-Apr-2014 06:11 proc
  917505 drwx------     0      0      4096 25-Apr-2015 09:53 root
 1310721 drwxr-xr-x     0      0      4096 19-Feb-2015 04:01 run
 1572865 drwxr-xr-x     0      0     12288 25-Apr-2015 14:02 sbin
 1703937 drwxr-xr-x     0      0      4096 19-Feb-2015 03:39 srv
 1835009 drwxr-xr-x     0      0      4096 13-Mar-2014 09:42 sys
 2097153 drwxrwxrwt     0      0      4096 28-Apr-2015 02:10 tmp
  393218 drwxr-xr-x     0      0      4096 25-Apr-2015 17:03 usr
 1572866 drwxr-xr-x     0      0      4096 19-Feb-2015 04:03 var
      14 lrwxrwxrwx     0      0        33 25-Apr-2015 14:05 initrd.img
      15 lrwxrwxrwx     0      0        30 25-Apr-2015 14:05 vmlinuz
 2097154 drwxrwxr-x     0      0      4096 24-Apr-2015 04:36 cdrom
X     13 lrwxrwxrwx     0      0        30 24-Apr-2015 04:37 vmlinuz.22571
      12 lrwxrwxrwx     0      0        33 24-Apr-2015 04:37 initrd.img.old
      13 lrwxrwxrwx     0      0        30 24-Apr-2015 04:37 vmlinuz.old

dir_partition inode=262145
 7 L Linux                19449 240 56 24178   0 14   75956224
     ext4 blocksize=4096 Large file Sparse superblock Recover, 38 GB / 36 GiB
Directory /home
  262145 drwxr-xr-x     0      0      4096 24-Apr-2015 04:36 .
       2 drwxr-xr-x     0      0      4096 25-Apr-2015 14:05 ..
  262146 drwxr-xr-x  1000   1000      4096 28-Apr-2015 02:10 ding

dir_partition inode=262146
 7 L Linux                19449 240 56 24178   0 14   75956224
     ext4 blocksize=4096 Large file Sparse superblock Recover, 38 GB / 36 GiB
ext2fs_read_inode(ino=6499705) failed with error 2133571369.
Directory /home/ding
  262146 drwxr-xr-x  1000   1000      4096 28-Apr-2015 02:10 .
  262145 drwxr-xr-x     0      0      4096 24-Apr-2015 04:36 ..
  262147 -rw-r--r--  1000   1000      8980 24-Apr-2015 04:36 examples.desktop
  266664 -rw-r--r--  1000   1000       721 25-Apr-2015 18:49 .profile
  262149 -rw-r--r--  1000   1000       220 24-Apr-2015 04:36 .bash_logout
  262150 -rw-r--r--  1000   1000      3637 24-Apr-2015 04:36 .bashrc
  262152 -rw-------  1000   1000        57 27-Apr-2015 19:55 .Xauthority
  262151 -rw-r--r--  1000   1000        25 23-Apr-2015 21:20 .dmrc
  262153 -rw-------  1000   1000        35 27-Apr-2015 19:55 .xsession-errors
  262154 drwxr-xr-x  1000   1000      4096 23-Apr-2015 21:20 Desktop
  262155 drwxr-xr-x  1000   1000      4096 26-Apr-2015 20:17 Downloads
  262156 drwxr-xr-x  1000   1000      4096 23-Apr-2015 21:20 Templates
  262157 drwxr-xr-x  1000   1000      4096 23-Apr-2015 21:20 Public
  262158 drwxr-xr-x  1000   1000      4096 23-Apr-2015 21:20 Documents
  262159 drwxr-xr-x  1000   1000      4096 23-Apr-2015 21:20 Music
  262160 drwxr-xr-x  1000   1000      4096 23-Apr-2015 21:20 Pictures
  262161 drwxr-xr-x  1000   1000      4096 23-Apr-2015 21:20 Videos
  262162 drwx------  1000   1000      4096 26-Apr-2015 19:32 .config
  262165 drwx------  1000   1000      4096 26-Apr-2015 19:31 .cache
  262172 drwx------  1000   1000      4096 23-Apr-2015 21:20 .local
  262190 drwx------  1000   1000      4096 27-Apr-2015 19:55 .gconf
  262337 -rw-------  1000   1000     15340 26-Apr-2015 21:51 .bash_history
  262383 drwx------  1000   1000      4096 23-Apr-2015 22:42 .mozilla
  262204 -rw-------  1000   1000      6498 27-Apr-2015 19:55 .ICEauthority
  262490 drwx------  1000   1000      4096 23-Apr-2015 21:24 .pki
  262342 -rw-------     0      0      1024 23-Apr-2015 22:01 .rnd
  262191 -rw-------  1000   1000       752 27-Apr-2015 07:55 .xsession-errors.old
  262284 -rw-r-----  1000   1000         0 25-Apr-2015 23:30 .gksu.lock
  262347 drwx------  1000   1000      4096 23-Apr-2015 22:12 .compiz
  263347 drwxrwxr-x  1000   1000      4096 23-Apr-2015 22:42 ICAClient
  263872 -rw-rw-r--  1000   1000       125 23-Apr-2015 22:42 .mailcap
  263873 -rw-rw-r--  1000   1000       106 23-Apr-2015 22:42 .mime.types
  263883 drwxrwxr-x  1000   1000      4096 23-Apr-2015 22:42 .kde
  263919 drwxrwxr-x  1000   1000      4096 25-Apr-2015 23:44 .gstreamer-0.10
  263926 drwx------  1000   1000      4096 23-Apr-2015 22:49 .ICAClient
  262576 -rw-------  1000   1000       217 26-Apr-2015 17:51 .lesshst
  262736 -rw-------  1000   1000      9055 28-Apr-2015 02:10 .viminfo
X 262736 -rw-------  1000   1000      9055 28-Apr-2015 02:10 .viminfo.tmp
X6499705 ?---------     0      0         0                   log
  264502 -rw-rw-r--  1000   1000       332 26-Apr-2015 11:43 .vimrc
  262562 drwxrwxr-x  1000   1000      4096 27-Apr-2015 19:56 hdu
  262395 drwxr-xr-x  1000   1000      4096 26-Apr-2015 10:36 .vim
X 267009 -r--r--r--  1000   1000       190 26-Apr-2015 21:48 log1
  264702 -rw-rw-r--  1000   1000        52 25-Apr-2015 08:52 .gitconfig
  265243 drwx------  1000   1000      4096 25-Apr-2015 14:19 .adobe
  262721 drwx------  1000   1000      4096 25-Apr-2015 14:22 .macromedia
  263007 drwx------  1000   1000      4096 25-Apr-2015 18:14 .dbus
  265216 -rw-rw-r--  1000   1000       131 25-Apr-2015 19:28 .xinputrc
  266770 -rw-r--r--  1000   1000       255 25-Apr-2015 18:58 .pam_environment
  268442 -rw-rw-r--  1000   1000       188 26-Apr-2015 21:03 foo.cc
  264001 drwx------  1000   1000      4096 26-Apr-2015 09:28 .thunderbird
  266911 drwx------  1000   1000      4096 26-Apr-2015 10:13 .gnome
  262922 drwxrwxr-x  1000   1000      4096 26-Apr-2015 21:35 .subversion
X 268606 -rw-r-----  1000   1000        85 27-Apr-2015 19:55 .ICEauthority-l
X 268509 -rw-------  1000   1000         0 27-Apr-2015 20:07 .gdbinit.swp
X 268482 drwxrwxr-x  1000   1000      4096 26-Apr-2015 21:50 .gdbinit
X 262801 -rw-rw-r--  1000   1000        18 26-Apr-2015 21:51 .viminfo.tmp

dir_partition inode=262562
 7 L Linux                19449 240 56 24178   0 14   75956224
     ext4 blocksize=4096 Large file Sparse superblock Recover, 38 GB / 36 GiB
Directory /home/ding/hdu
  262562 drwxrwxr-x  1000   1000      4096 27-Apr-2015 19:56 .
  262146 drwxr-xr-x  1000   1000      4096 28-Apr-2015 02:10 ..
  262853 drwxrwxr-x  1000   1000      4096 27-Apr-2015 19:56 .git
  264695 -rw-rw-r--  1000   1000     13335 25-Apr-2015 08:50 .gdbinit
  267524 -rw-rw-r--  1000   1000       368 26-Apr-2015 17:46 .vimrc
  264697 -rw-rw-r--  1000   1000       155 25-Apr-2015 08:50 1001.cpp
  264698 -rw-rw-r--  1000   1000       481 25-Apr-2015 08:50 1003.cpp
  264699 -rw-rw-r--  1000   1000       697 25-Apr-2015 08:50 Bin.cc
  264700 -rw-rw-r--  1000   1000       149 25-Apr-2015 08:50 README.md
  262862 -rwxrwxr-x  1000   1000       166 25-Apr-2015 08:21 process
  264434 -rwxrwxr-x  1000   1000       100 25-Apr-2015 08:35 simpleShell
  264802 drwxrwxr-x  1000   1000      4096 26-Apr-2015 21:48 java
  268616 drwxrwxr-x  1000   1000      4096 28-Apr-2015 02:10 cxx
  267534 -rw-rw-r--  1000   1000      4058 26-Apr-2015 19:04 mssh.cc
  264425 -rw-rw-r--  1000   1000      1499 25-Apr-2015 10:05 tags
X 268421 -rw-------  1000   1000     20728 26-Apr-2015 20:39 .Bin.cc.swp
X 268426 -rw-------  1000   1000     39723 26-Apr-2015 20:39 .Bin.cc.swx
  263987 drwxrwxr-x  1000   1000      4096 26-Apr-2015 17:43 mini
X 268427 -rw-------  1000   1000     39458 26-Apr-2015 20:39 .1003.cpp.swx

dir_partition inode=268616
 7 L Linux                19449 240 56 24178   0 14   75956224
     ext4 blocksize=4096 Large file Sparse superblock Recover, 38 GB / 36 GiB
Directory /home/ding/hdu/cxx
  268616 drwxrwxr-x  1000   1000      4096 28-Apr-2015 02:10 .
  262562 drwxrwxr-x  1000   1000      4096 27-Apr-2015 19:56 ..
  268617 -rw-rw-r--  1000   1000      7866 27-Apr-2015 19:56 Questions1-4
X 268484 -rw-r--r--  1000   1000         0 28-Apr-2015 02:10 .Questions1-4.swp
  266656 drwxrwxr-x  1000   1000      4096 28-Apr-2015 02:11 4
X 262355 -rw-------  1000   1000         0 28-Apr-2015 02:10 .A.cc.swp
X 262711 -rw-rw-r--  1000   1000       382 28-Apr-2015 02:10 A.cc

dir_partition inode=266656
 7 L Linux                19449 240 56 24178   0 14   75956224
     ext4 blocksize=4096 Large file Sparse superblock Recover, 38 GB / 36 GiB
Directory /home/ding/hdu/cxx/4
  266656 drwxrwxr-x  1000   1000      4096 28-Apr-2015 02:11 .
  268616 drwxrwxr-x  1000   1000      4096 28-Apr-2015 02:10 ..
  268667 -rw-rw-r--  1000   1000       170 28-Apr-2015 01:47 Single
  262711 -rw-rw-r--  1000   1000       382 28-Apr-2015 02:10 A.cc
  264694 -rw-rw-r--  1000   1000       177 27-Apr-2015 20:30 A
  262814 -rw-r--r--  1000   1000     12288 28-Apr-2015 01:50 .Makefile.swp
  267079 -rw-rw-r--  1000   1000       137 28-Apr-2015 01:50 Makefile
  262355 -rw-------  1000   1000         0 28-Apr-2015 02:10 testdisk.log
  268567 -rw-rw-r--  1000   1000       101 27-Apr-2015 20:14 main.cc
X 262736 -rw-------  1000   1000      9055 28-Apr-2015 02:10 .A.swpx
  268666 -rw-rw-r--  1000   1000       202 28-Apr-2015 01:47 Single.cc
X 268641 -rw-------  1000   1000     19116 28-Apr-2015 01:55 Single.cc~
Directory /home/ding/hdu/cxx
  268616 drwxrwxr-x  1000   1000      4096 28-Apr-2015 02:10 .
  262562 drwxrwxr-x  1000   1000      4096 27-Apr-2015 19:56 ..
  268617 -rw-rw-r--  1000   1000      7866 27-Apr-2015 19:56 Questions1-4
X 268484 -rw-r--r--  1000   1000         0 28-Apr-2015 02:10 .Questions1-4.swp
  266656 drwxrwxr-x  1000   1000      4096 28-Apr-2015 02:11 4
X 262355 -rw-------  1000   1000         0 28-Apr-2015 02:10 .A.cc.swp
X 262711 -rw-rw-r--  1000   1000       382 28-Apr-2015 02:10 A.cc
Directory /home/ding/hdu
  262562 drwxrwxr-x  1000   1000      4096 27-Apr-2015 19:56 .
  262146 drwxr-xr-x  1000   1000      4096 28-Apr-2015 02:10 ..
  262853 drwxrwxr-x  1000   1000      4096 27-Apr-2015 19:56 .git
  264695 -rw-rw-r--  1000   1000     13335 25-Apr-2015 08:50 .gdbinit
  267524 -rw-rw-r--  1000   1000       368 26-Apr-2015 17:46 .vimrc
  264697 -rw-rw-r--  1000   1000       155 25-Apr-2015 08:50 1001.cpp
  264698 -rw-rw-r--  1000   1000       481 25-Apr-2015 08:50 1003.cpp
  264699 -rw-rw-r--  1000   1000       697 25-Apr-2015 08:50 Bin.cc
  264700 -rw-rw-r--  1000   1000       149 25-Apr-2015 08:50 README.md
  262862 -rwxrwxr-x  1000   1000       166 25-Apr-2015 08:21 process
  264434 -rwxrwxr-x  1000   1000       100 25-Apr-2015 08:35 simpleShell
  264802 drwxrwxr-x  1000   1000      4096 26-Apr-2015 21:48 java
  268616 drwxrwxr-x  1000   1000      4096 28-Apr-2015 02:10 cxx
  267534 -rw-rw-r--  1000   1000      4058 26-Apr-2015 19:04 mssh.cc
  264425 -rw-rw-r--  1000   1000      1499 25-Apr-2015 10:05 tags
X 268421 -rw-------  1000   1000     20728 26-Apr-2015 20:39 .Bin.cc.swp
X 268426 -rw-------  1000   1000     39723 26-Apr-2015 20:39 .Bin.cc.swx
  263987 drwxrwxr-x  1000   1000      4096 26-Apr-2015 17:43 mini
X 268427 -rw-------  1000   1000     39458 26-Apr-2015 20:39 .1003.cpp.swx
ext2fs_read_inode(ino=6499705) failed with error 2133571369.
Directory /home/ding
  262146 drwxr-xr-x  1000   1000      4096 28-Apr-2015 02:10 .
  262145 drwxr-xr-x     0      0      4096 24-Apr-2015 04:36 ..
  262147 -rw-r--r--  1000   1000      8980 24-Apr-2015 04:36 examples.desktop
  266664 -rw-r--r--  1000   1000       721 25-Apr-2015 18:49 .profile
  262149 -rw-r--r--  1000   1000       220 24-Apr-2015 04:36 .bash_logout
  262150 -rw-r--r--  1000   1000      3637 24-Apr-2015 04:36 .bashrc
  262152 -rw-------  1000   1000        57 27-Apr-2015 19:55 .Xauthority
  262151 -rw-r--r--  1000   1000        25 23-Apr-2015 21:20 .dmrc
  262153 -rw-------  1000   1000        35 27-Apr-2015 19:55 .xsession-errors
  262154 drwxr-xr-x  1000   1000      4096 23-Apr-2015 21:20 Desktop
  262155 drwxr-xr-x  1000   1000      4096 26-Apr-2015 20:17 Downloads
  262156 drwxr-xr-x  1000   1000      4096 23-Apr-2015 21:20 Templates
  262157 drwxr-xr-x  1000   1000      4096 23-Apr-2015 21:20 Public
  262158 drwxr-xr-x  1000   1000      4096 23-Apr-2015 21:20 Documents
  262159 drwxr-xr-x  1000   1000      4096 23-Apr-2015 21:20 Music
  262160 drwxr-xr-x  1000   1000      4096 23-Apr-2015 21:20 Pictures
  262161 drwxr-xr-x  1000   1000      4096 23-Apr-2015 21:20 Videos
  262162 drwx------  1000   1000      4096 26-Apr-2015 19:32 .config
  262165 drwx------  1000   1000      4096 26-Apr-2015 19:31 .cache
  262172 drwx------  1000   1000      4096 23-Apr-2015 21:20 .local
  262190 drwx------  1000   1000      4096 27-Apr-2015 19:55 .gconf
  262337 -rw-------  1000   1000     15340 26-Apr-2015 21:51 .bash_history
  262383 drwx------  1000   1000      4096 23-Apr-2015 22:42 .mozilla
  262204 -rw-------  1000   1000      6498 27-Apr-2015 19:55 .ICEauthority
  262490 drwx------  1000   1000      4096 23-Apr-2015 21:24 .pki
  262342 -rw-------     0      0      1024 23-Apr-2015 22:01 .rnd
  262191 -rw-------  1000   1000       752 27-Apr-2015 07:55 .xsession-errors.old
  262284 -rw-r-----  1000   1000         0 25-Apr-2015 23:30 .gksu.lock
  262347 drwx------  1000   1000      4096 23-Apr-2015 22:12 .compiz
  263347 drwxrwxr-x  1000   1000      4096 23-Apr-2015 22:42 ICAClient
  263872 -rw-rw-r--  1000   1000       125 23-Apr-2015 22:42 .mailcap
  263873 -rw-rw-r--  1000   1000       106 23-Apr-2015 22:42 .mime.types
  263883 drwxrwxr-x  1000   1000      4096 23-Apr-2015 22:42 .kde
  263919 drwxrwxr-x  1000   1000      4096 25-Apr-2015 23:44 .gstreamer-0.10
  263926 drwx------  1000   1000      4096 23-Apr-2015 22:49 .ICAClient
  262576 -rw-------  1000   1000       217 26-Apr-2015 17:51 .lesshst
  262736 -rw-------  1000   1000      9055 28-Apr-2015 02:10 .viminfo
X 262736 -rw-------  1000   1000      9055 28-Apr-2015 02:10 .viminfo.tmp
X6499705 ?---------     0      0         0                   log
  264502 -rw-rw-r--  1000   1000       332 26-Apr-2015 11:43 .vimrc
  262562 drwxrwxr-x  1000   1000      4096 27-Apr-2015 19:56 hdu
  262395 drwxr-xr-x  1000   1000      4096 26-Apr-2015 10:36 .vim
X 267009 -r--r--r--  1000   1000       190 26-Apr-2015 21:48 log1
  264702 -rw-rw-r--  1000   1000        52 25-Apr-2015 08:52 .gitconfig
  265243 drwx------  1000   1000      4096 25-Apr-2015 14:19 .adobe
  262721 drwx------  1000   1000      4096 25-Apr-2015 14:22 .macromedia
  263007 drwx------  1000   1000      4096 25-Apr-2015 18:14 .dbus
  265216 -rw-rw-r--  1000   1000       131 25-Apr-2015 19:28 .xinputrc
  266770 -rw-r--r--  1000   1000       255 25-Apr-2015 18:58 .pam_environment
  268442 -rw-rw-r--  1000   1000       188 26-Apr-2015 21:03 foo.cc
  264001 drwx------  1000   1000      4096 26-Apr-2015 09:28 .thunderbird
  266911 drwx------  1000   1000      4096 26-Apr-2015 10:13 .gnome
  262922 drwxrwxr-x  1000   1000      4096 26-Apr-2015 21:35 .subversion
X 268606 -rw-r-----  1000   1000        85 27-Apr-2015 19:55 .ICEauthority-l
X 268509 -rw-------  1000   1000         0 27-Apr-2015 20:07 .gdbinit.swp
X 268482 drwxrwxr-x  1000   1000      4096 26-Apr-2015 21:50 .gdbinit
X 262801 -rw-rw-r--  1000   1000        18 26-Apr-2015 21:51 .viminfo.tmp
Directory /home
  262145 drwxr-xr-x     0      0      4096 24-Apr-2015 04:36 .
       2 drwxr-xr-x     0      0      4096 25-Apr-2015 14:05 ..
  262146 drwxr-xr-x  1000   1000      4096 28-Apr-2015 02:10 ding
Directory /
       2 drwxr-xr-x     0      0      4096 25-Apr-2015 14:05 .
       2 drwxr-xr-x     0      0      4096 25-Apr-2015 14:05 ..
      11 drwx------     0      0     16384 24-Apr-2015 04:32 lost+found
 1966081 drwxr-xr-x     0      0     12288 27-Apr-2015 19:55 etc
  393217 drwxr-xr-x     0      0      4096 25-Apr-2015 14:38 media
 2228225 drwxr-xr-x     0      0      4096 25-Apr-2015 14:05 bin
  131073 drwxr-xr-x     0      0      4096 25-Apr-2015 14:07 boot
  786433 drwxr-xr-x     0      0      4096 19-Feb-2015 03:59 dev
  262145 drwxr-xr-x     0      0      4096 24-Apr-2015 04:36 home
  524289 drwxr-xr-x     0      0      4096 25-Apr-2015 14:00 lib
 1048577 drwxr-xr-x     0      0      4096 11-Apr-2014 06:11 mnt
 1441793 drwxr-xr-x     0      0      4096 23-Apr-2015 21:38 opt
  655361 drwxr-xr-x     0      0      4096 11-Apr-2014 06:11 proc
  917505 drwx------     0      0      4096 25-Apr-2015 09:53 root
 1310721 drwxr-xr-x     0      0      4096 19-Feb-2015 04:01 run
 1572865 drwxr-xr-x     0      0     12288 25-Apr-2015 14:02 sbin
 1703937 drwxr-xr-x     0      0      4096 19-Feb-2015 03:39 srv
 1835009 drwxr-xr-x     0      0      4096 13-Mar-2014 09:42 sys
 2097153 drwxrwxrwt     0      0      4096 28-Apr-2015 02:10 tmp
  393218 drwxr-xr-x     0      0      4096 25-Apr-2015 17:03 usr
 1572866 drwxr-xr-x     0      0      4096 19-Feb-2015 04:03 var
      14 lrwxrwxrwx     0      0        33 25-Apr-2015 14:05 initrd.img
      15 lrwxrwxrwx     0      0        30 25-Apr-2015 14:05 vmlinuz
 2097154 drwxrwxr-x     0      0      4096 24-Apr-2015 04:36 cdrom
X     13 lrwxrwxrwx     0      0        30 24-Apr-2015 04:37 vmlinuz.22571
      12 lrwxrwxrwx     0      0        33 24-Apr-2015 04:37 initrd.img.old
      13 lrwxrwxrwx     0      0        30 24-Apr-2015 04:37 vmlinuz.old

TestDisk exited normally.
